<html>
<body>
<pre>
<h1>µVision Build Log</h1>
<h2>Tool Versions:</h2>
IDE-Version: ¦ÌVision V5.24.2.0
Copyright (C) 2017 ARM Ltd and ARM Germany GmbH. All rights reserved.
License Information: 1111 Microsoft, Microsoft, LIC=0VR63-ADHIL-04TSQ-NADIU-JHCEK-NX8BF
 
Tool Versions:
Toolchain:       MDK-ARM Professional  Version: 5.24.1
Toolchain Path:  D:\Keil_v5\ARM\ARMCC\Bin
C Compiler:      Armcc.exe V5.06 update 5 (build 528)
Assembler:       Armasm.exe V5.06 update 5 (build 528)
Linker/Locator:  ArmLink.exe V5.06 update 5 (build 528)
Library Manager: ArmAr.exe V5.06 update 5 (build 528)
Hex Converter:   FromElf.exe V5.06 update 5 (build 528)
CPU DLL:         SARMCM3.DLL V5.24.1
Dialog DLL:      DCM.DLL V1.16.0.0
Target DLL:      STLink\ST-LINKIII-KEIL_SWO.dll V3.0.1.0
Dialog DLL:      TCM.DLL V1.32.0.0
 
<h2>Project:</h2>
M:\GD32xx\GD32_FILES\GD32_72M_C8T6_20170926\USER\USART.uvprojx
Project File Date:  09/26/2017

<h2>Output:</h2>
*** Using Compiler 'V5.06 update 5 (build 528)', folder: 'D:\Keil_v5\ARM\ARMCC\Bin'
Rebuild target 'gd32_io'
compiling system_stm32f10x.c...
compiling stm32f10x_it.c...
compiling main.c...
main.c(280): warning:  #223-D: function "strncmp" declared implicitly
  			if(0 == strncmp("A6A85566",USART_RX_BUF,strlen("A6A85566")))
main.c(280): warning:  #223-D: function "strlen" declared implicitly
  			if(0 == strncmp("A6A85566",USART_RX_BUF,strlen("A6A85566")))
main.c(170): warning:  #177-D: variable "t"  was declared but never referenced
   	u8 t,len;  
main.c(170): warning:  #177-D: variable "len"  was declared but never referenced
   	u8 t,len;  
main.c: 4 warnings, 0 errors
compiling key.c...
compiling led.c...
compiling adc.c...
compiling timer.c...
compiling exti.c...
compiling iwdg.c...
compiling pwm.c...
..\HARDWARE\PWM\pwm.c(146): warning:  #177-D: variable "capture"  was declared but never referenced
     u16 capture;
..\HARDWARE\PWM\pwm.c: 1 warning, 0 errors
compiling spi.c...
compiling delay.c...
compiling usart.c...
compiling sys.c...
assembling startup_stm32f10x_hd.s...
compiling core_cm3.c...
compiling misc.c...
compiling stm32f10x_gpio.c...
compiling stm32f10x_rcc.c...
compiling stm32f10x_usart.c...
compiling stm32f10x_adc.c...
compiling stm32f10x_fsmc.c...
compiling stm32f10x_tim.c...
compiling stm32f10x_exti.c...
compiling stm32f10x_spi.c...
compiling stm32f10x_iwdg.c...
linking...
Program Size: Code=11048 RO-data=336 RW-data=92 ZI-data=1836  
FromELF: creating hex file...
"..\OBJ\USART.axf" - 0 Error(s), 5 Warning(s).

<h2>Software Packages used:</h2>

Package Vendor: Keil
                http://www.keil.com/pack/Keil.GD32F1xx_DFP.1.1.0.pack
                Keil.GD32F1xx_DFP.1.1.0
                GigaDevice GD32F1 Series Device Support and Examples

<h2>Collection of Component include folders:</h2>
  .\RTE\_gd32_io
  D:\Keil_v5\ARM\PACK\Keil\GD32F1xx_DFP\1.1.0\Device\GD32F10x\Include

<h2>Collection of Component Files used:</h2>
Build Time Elapsed:  00:00:06
</pre>
</body>
</html>
